// Jest Snapshot v1, https://goo.gl/fbAQLP

exports[`cityMapFactory должена возвращать корректно отображаемый компонент 1`] = `
<section
  className="cities__map map"
/>
`;
