// Jest Snapshot v1, https://goo.gl/fbAQLP

exports[`PageFooter должен корректно отображаться 1`] = `
<footer
  className="footer"
>
  <Link
    className="footer__logo-link"
    to="/"
  >
    <img
      alt="6 cities logo"
      className="footer__logo"
      height={33}
      src="img/logo.svg"
      width={64}
    />
  </Link>
</footer>
`;
