// Jest Snapshot v1, https://goo.gl/fbAQLP

exports[`withSorting должен корректно отображаться 1`] = `
<div>
  <form
    action="#"
    className="places__sorting"
    method="get"
  >
    <span
      className="places__sorting-caption"
    >
      Sort by 
    </span>
    <span
      className="places__sorting-type"
      onClick={[Function]}
      tabIndex="0"
    >
      Popular
      <svg
        className="places__sorting-arrow"
        height="4"
        width="7"
      >
        <use
          xlinkHref="#icon-arrow-select"
        />
      </svg>
    </span>
    <ul
      className="places__options places__options--custom"
    >
      <li
        className="places__option places__option--active"
        data-value="popular"
        onClick={[Function]}
        tabIndex="0"
      >
        Popular
      </li>
      <li
        className="places__option"
        data-value="low-to-high"
        onClick={[Function]}
        tabIndex="0"
      >
        Price: low to high
      </li>
      <li
        className="places__option"
        data-value="high-to-low"
        onClick={[Function]}
        tabIndex="0"
      >
        Price: high to low
      </li>
      <li
        className="places__option"
        data-value="top-rated"
        onClick={[Function]}
        tabIndex="0"
      >
        Top rated first
      </li>
    </ul>
  </form>
</div>
`;
