// Jest Snapshot v1, https://goo.gl/fbAQLP

exports[`withLoginFormController должен корректно отображаться 1`] = `
<div>
  Mock Component
</div>
`;
