// Jest Snapshot v1, https://goo.gl/fbAQLP

exports[`App должен корректно отображаться 1`] = `
<Router
  history={
    Object {
      "action": "POP",
      "block": [Function],
      "createHref": [Function],
      "go": [Function],
      "goBack": [Function],
      "goForward": [Function],
      "length": 1,
      "listen": [Function],
      "location": Object {
        "hash": "",
        "pathname": "/",
        "search": "",
        "state": undefined,
      },
      "push": [Function],
      "replace": [Function],
    }
  }
>
  <Switch>
    <Route
      exact={true}
      path="/"
    >
      <Memo(Connect(Connect(WithAlertDialog))) />
    </Route>
    <Route
      exact={true}
      path="/login"
    >
      <Memo(Connect(WithRedirectAuthorized)) />
    </Route>
    <Memo(Connect(PrivateRoute))
      exact={true}
      path="/favorites"
      render={[Function]}
    />
    <Route
      exact={true}
      path="/offer/:id"
      render={[Function]}
    />
    <Route
      exact={true}
      path="/error"
    >
      <Memo(Connect(ErrorPage)) />
    </Route>
    <Route>
      <Memo(Connect(ErrorPage))
        message="Resource not found"
      />
    </Route>
  </Switch>
</Router>
`;
