// Jest Snapshot v1, https://goo.gl/fbAQLP

exports[`Login должен корректно отображаться 1`] = `
<div
  className="page page--gray page--login"
>
  <Memo(Connect(PageHeader)) />
  <main
    className="page__main page__main--login"
  >
    <div
      className="page__login-container container"
    >
      <section
        className="login"
      >
        <h1
          className="login__title"
        >
          Sign in
        </h1>
        <form
          action="#"
          className="login__form form"
          method="post"
          onSubmit={[Function]}
        >
          <div
            className="login__input-wrapper form__input-wrapper"
          >
            <label
              className="visually-hidden"
            >
              E-mail
            </label>
            <input
              className="login__input form__input"
              disabled={false}
              name="email"
              onChange={[Function]}
              placeholder="Email"
              required={true}
              type="email"
              value="Oliver.conner@gmail.com"
            />
          </div>
          <div
            className="login__input-wrapper form__input-wrapper"
          >
            <label
              className="visually-hidden"
            >
              Password
            </label>
            <input
              className="login__input form__input"
              disabled={false}
              name="password"
              onChange={[Function]}
              placeholder="Password"
              required={true}
              type="password"
              value="123456"
            />
          </div>
          <button
            className="login__submit form__submit button"
            disabled={false}
            type="submit"
          >
            Sign in
          </button>
        </form>
      </section>
      <section
        className="locations locations--login locations--current"
      >
        <div
          className="locations__item"
        >
          <a
            className="locations__item-link"
            href="#"
          >
            <span>
              Amsterdam
            </span>
          </a>
        </div>
      </section>
    </div>
  </main>
</div>
`;
